[0.067s] DEBUG:colcon:Command line arguments: ['/usr/bin/colcon', 'build']
[0.068s] DEBUG:colcon:Parsed command line arguments: Namespace(log_base=None, log_level=None, verb_name='build', build_base='build', install_base='install', merge_install=False, symlink_install=False, test_result_base=None, continue_on_error=False, executor='parallel', parallel_workers=4, event_handlers=None, ignore_user_meta=False, metas=['./colcon.meta'], base_paths=['.'], packages_ignore=None, packages_ignore_regex=None, paths=None, packages_up_to=None, packages_up_to_regex=None, packages_above=None, packages_above_and_dependencies=None, packages_above_depth=None, packages_select_by_dep=None, packages_skip_by_dep=None, packages_skip_up_to=None, packages_select_build_failed=False, packages_skip_build_finished=False, packages_select_test_failures=False, packages_skip_test_passed=False, packages_select=None, packages_skip=None, packages_select_regex=None, packages_skip_regex=None, packages_start=None, packages_end=None, allow_overriding=[], cmake_args=None, cmake_target=None, cmake_target_skip_unavailable=False, cmake_clean_cache=False, cmake_clean_first=False, cmake_force_configure=False, ament_cmake_args=None, catkin_cmake_args=None, catkin_skip_building_tests=False, verb_parser=<colcon_defaults.argument_parser.defaults.DefaultArgumentsDecorator object at 0x7263f79d85b0>, verb_extension=<colcon_core.verb.build.BuildVerb object at 0x7263f79d8160>, main=<bound method BuildVerb.main of <colcon_core.verb.build.BuildVerb object at 0x7263f79d8160>>)
[0.172s] Level 1:colcon.colcon_core.package_discovery:discover_packages(colcon_meta) check parameters
[0.172s] Level 1:colcon.colcon_core.package_discovery:discover_packages(recursive) check parameters
[0.172s] Level 1:colcon.colcon_core.package_discovery:discover_packages(ignore) check parameters
[0.173s] Level 1:colcon.colcon_core.package_discovery:discover_packages(path) check parameters
[0.173s] Level 1:colcon.colcon_core.package_discovery:discover_packages(colcon_meta) discover
[0.173s] Level 1:colcon.colcon_core.package_discovery:discover_packages(recursive) discover
[0.173s] INFO:colcon.colcon_core.package_discovery:Crawling recursively for packages in '/home/mattthewhumble/rova26/ros2_ws'
[0.173s] Level 1:colcon.colcon_core.package_identification:_identify(.) by extensions ['ignore', 'ignore_ament_install']
[0.174s] Level 1:colcon.colcon_core.package_identification:_identify(.) by extension 'ignore'
[0.175s] Level 1:colcon.colcon_core.package_identification:_identify(.) by extension 'ignore_ament_install'
[0.175s] Level 1:colcon.colcon_core.package_identification:_identify(.) by extensions ['colcon_pkg']
[0.175s] Level 1:colcon.colcon_core.package_identification:_identify(.) by extension 'colcon_pkg'
[0.175s] Level 1:colcon.colcon_core.package_identification:_identify(.) by extensions ['colcon_meta']
[0.175s] Level 1:colcon.colcon_core.package_identification:_identify(.) by extension 'colcon_meta'
[0.175s] Level 1:colcon.colcon_core.package_identification:_identify(.) by extensions ['ros']
[0.175s] Level 1:colcon.colcon_core.package_identification:_identify(.) by extension 'ros'
[0.184s] Level 1:colcon.colcon_core.package_identification:_identify(.) by extensions ['cmake', 'python']
[0.184s] Level 1:colcon.colcon_core.package_identification:_identify(.) by extension 'cmake'
[0.184s] Level 1:colcon.colcon_core.package_identification:_identify(.) by extension 'python'
[0.184s] Level 1:colcon.colcon_core.package_identification:_identify(.) by extensions ['python_setup_py']
[0.184s] Level 1:colcon.colcon_core.package_identification:_identify(.) by extension 'python_setup_py'
[0.184s] Level 1:colcon.colcon_core.package_identification:_identify(build) by extensions ['ignore', 'ignore_ament_install']
[0.185s] Level 1:colcon.colcon_core.package_identification:_identify(build) by extension 'ignore'
[0.185s] Level 1:colcon.colcon_core.package_identification:_identify(build) ignored
[0.185s] Level 1:colcon.colcon_core.package_identification:_identify(install) by extensions ['ignore', 'ignore_ament_install']
[0.185s] Level 1:colcon.colcon_core.package_identification:_identify(install) by extension 'ignore'
[0.185s] Level 1:colcon.colcon_core.package_identification:_identify(install) ignored
[0.185s] Level 1:colcon.colcon_core.package_identification:_identify(log) by extensions ['ignore', 'ignore_ament_install']
[0.185s] Level 1:colcon.colcon_core.package_identification:_identify(log) by extension 'ignore'
[0.185s] Level 1:colcon.colcon_core.package_identification:_identify(log) ignored
[0.185s] Level 1:colcon.colcon_core.package_identification:_identify(src) by extensions ['ignore', 'ignore_ament_install']
[0.185s] Level 1:colcon.colcon_core.package_identification:_identify(src) by extension 'ignore'
[0.185s] Level 1:colcon.colcon_core.package_identification:_identify(src) by extension 'ignore_ament_install'
[0.185s] Level 1:colcon.colcon_core.package_identification:_identify(src) by extensions ['colcon_pkg']
[0.185s] Level 1:colcon.colcon_core.package_identification:_identify(src) by extension 'colcon_pkg'
[0.186s] Level 1:colcon.colcon_core.package_identification:_identify(src) by extensions ['colcon_meta']
[0.186s] Level 1:colcon.colcon_core.package_identification:_identify(src) by extension 'colcon_meta'
[0.186s] Level 1:colcon.colcon_core.package_identification:_identify(src) by extensions ['ros']
[0.186s] Level 1:colcon.colcon_core.package_identification:_identify(src) by extension 'ros'
[0.186s] Level 1:colcon.colcon_core.package_identification:_identify(src) by extensions ['cmake', 'python']
[0.186s] Level 1:colcon.colcon_core.package_identification:_identify(src) by extension 'cmake'
[0.186s] Level 1:colcon.colcon_core.package_identification:_identify(src) by extension 'python'
[0.186s] Level 1:colcon.colcon_core.package_identification:_identify(src) by extensions ['python_setup_py']
[0.186s] Level 1:colcon.colcon_core.package_identification:_identify(src) by extension 'python_setup_py'
[0.186s] Level 1:colcon.colcon_core.package_identification:_identify(src/rova26_kinect) by extensions ['ignore', 'ignore_ament_install']
[0.186s] Level 1:colcon.colcon_core.package_identification:_identify(src/rova26_kinect) by extension 'ignore'
[0.186s] Level 1:colcon.colcon_core.package_identification:_identify(src/rova26_kinect) by extension 'ignore_ament_install'
[0.186s] Level 1:colcon.colcon_core.package_identification:_identify(src/rova26_kinect) by extensions ['colcon_pkg']
[0.186s] Level 1:colcon.colcon_core.package_identification:_identify(src/rova26_kinect) by extension 'colcon_pkg'
[0.186s] Level 1:colcon.colcon_core.package_identification:_identify(src/rova26_kinect) by extensions ['colcon_meta']
[0.186s] Level 1:colcon.colcon_core.package_identification:_identify(src/rova26_kinect) by extension 'colcon_meta'
[0.186s] Level 1:colcon.colcon_core.package_identification:_identify(src/rova26_kinect) by extensions ['ros']
[0.186s] Level 1:colcon.colcon_core.package_identification:_identify(src/rova26_kinect) by extension 'ros'
[0.188s] DEBUG:colcon.colcon_core.package_identification:Package 'src/rova26_kinect' with type 'ros.ament_python' and name 'rova26_kinect'
[0.188s] Level 1:colcon.colcon_core.package_discovery:discover_packages(recursive) using defaults
[0.188s] Level 1:colcon.colcon_core.package_discovery:discover_packages(ignore) discover
[0.188s] Level 1:colcon.colcon_core.package_discovery:discover_packages(ignore) using defaults
[0.188s] Level 1:colcon.colcon_core.package_discovery:discover_packages(path) discover
[0.188s] Level 1:colcon.colcon_core.package_discovery:discover_packages(path) using defaults
[0.211s] Level 1:colcon.colcon_core.package_discovery:discover_packages(prefix_path) check parameters
[0.211s] Level 1:colcon.colcon_core.package_discovery:discover_packages(prefix_path) discover
[0.212s] DEBUG:colcon.colcon_installed_package_information.package_discovery:Found 1 installed packages in /home/mattthewhumble/rova26/ros2_ws/install
[0.213s] DEBUG:colcon.colcon_installed_package_information.package_discovery:Found 1 installed packages in /home/mattthewhumble/ros2_ws/install
[0.214s] DEBUG:colcon.colcon_installed_package_information.package_discovery:Found 350 installed packages in /opt/ros/humble
[0.215s] Level 1:colcon.colcon_core.package_discovery:discover_packages(prefix_path) using defaults
[0.240s] Level 5:colcon.colcon_core.verb:set package 'rova26_kinect' build argument 'cmake_args' from command line to 'None'
[0.240s] Level 5:colcon.colcon_core.verb:set package 'rova26_kinect' build argument 'cmake_target' from command line to 'None'
[0.240s] Level 5:colcon.colcon_core.verb:set package 'rova26_kinect' build argument 'cmake_target_skip_unavailable' from command line to 'False'
[0.240s] Level 5:colcon.colcon_core.verb:set package 'rova26_kinect' build argument 'cmake_clean_cache' from command line to 'False'
[0.240s] Level 5:colcon.colcon_core.verb:set package 'rova26_kinect' build argument 'cmake_clean_first' from command line to 'False'
[0.240s] Level 5:colcon.colcon_core.verb:set package 'rova26_kinect' build argument 'cmake_force_configure' from command line to 'False'
[0.240s] Level 5:colcon.colcon_core.verb:set package 'rova26_kinect' build argument 'ament_cmake_args' from command line to 'None'
[0.240s] Level 5:colcon.colcon_core.verb:set package 'rova26_kinect' build argument 'catkin_cmake_args' from command line to 'None'
[0.241s] Level 5:colcon.colcon_core.verb:set package 'rova26_kinect' build argument 'catkin_skip_building_tests' from command line to 'False'
[0.241s] DEBUG:colcon.colcon_core.verb:Building package 'rova26_kinect' with the following arguments: {'ament_cmake_args': None, 'build_base': '/home/mattthewhumble/rova26/ros2_ws/build/rova26_kinect', 'catkin_cmake_args': None, 'catkin_skip_building_tests': False, 'cmake_args': None, 'cmake_clean_cache': False, 'cmake_clean_first': False, 'cmake_force_configure': False, 'cmake_target': None, 'cmake_target_skip_unavailable': False, 'install_base': '/home/mattthewhumble/rova26/ros2_ws/install/rova26_kinect', 'merge_install': False, 'path': '/home/mattthewhumble/rova26/ros2_ws/src/rova26_kinect', 'symlink_install': False, 'test_result_base': None}
[0.241s] INFO:colcon.colcon_core.executor:Executing jobs using 'parallel' executor
[0.243s] DEBUG:colcon.colcon_parallel_executor.executor.parallel:run_until_complete
[0.244s] INFO:colcon.colcon_ros.task.ament_python.build:Building ROS package in '/home/mattthewhumble/rova26/ros2_ws/src/rova26_kinect' with build type 'ament_python'
[0.244s] Level 1:colcon.colcon_core.shell:create_environment_hook('rova26_kinect', 'ament_prefix_path')
[0.245s] INFO:colcon.colcon_core.plugin_system:Skipping extension 'colcon_core.shell.bat': Not used on non-Windows systems
[0.245s] INFO:colcon.colcon_core.shell:Creating environment hook '/home/mattthewhumble/rova26/ros2_ws/install/rova26_kinect/share/rova26_kinect/hook/ament_prefix_path.ps1'
[0.246s] INFO:colcon.colcon_core.shell:Creating environment descriptor '/home/mattthewhumble/rova26/ros2_ws/install/rova26_kinect/share/rova26_kinect/hook/ament_prefix_path.dsv'
[0.247s] INFO:colcon.colcon_core.shell:Creating environment hook '/home/mattthewhumble/rova26/ros2_ws/install/rova26_kinect/share/rova26_kinect/hook/ament_prefix_path.sh'
[0.248s] INFO:colcon.colcon_core.shell:Skip shell extension 'powershell' for command environment: Not usable outside of PowerShell
[0.248s] DEBUG:colcon.colcon_core.shell:Skip shell extension 'dsv' for command environment
[0.427s] INFO:colcon.colcon_core.task.python.build:Building Python package in '/home/mattthewhumble/rova26/ros2_ws/src/rova26_kinect'
[0.427s] INFO:colcon.colcon_core.shell:Skip shell extension 'powershell' for command environment: Not usable outside of PowerShell
[0.427s] DEBUG:colcon.colcon_core.shell:Skip shell extension 'dsv' for command environment
[0.656s] DEBUG:colcon.colcon_core.event_handler.log_command:Invoking command in '/home/mattthewhumble/rova26/ros2_ws/src/rova26_kinect': PYTHONPATH=/home/mattthewhumble/rova26/ros2_ws/build/rova26_kinect/prefix_override:/usr/lib/python3/dist-packages/colcon_core/task/python/colcon_distutils_commands:/home/mattthewhumble/rova26/ros2_ws/install/rova26_kinect/lib/python3.10/site-packages:${PYTHONPATH} /usr/bin/python3 -W ignore:setup.py install is deprecated -W ignore:easy_install command is deprecated setup.py egg_info --egg-base ../../build/rova26_kinect build --build-base /home/mattthewhumble/rova26/ros2_ws/build/rova26_kinect/build install --record /home/mattthewhumble/rova26/ros2_ws/build/rova26_kinect/install.log --single-version-externally-managed install_data
[0.852s] DEBUG:colcon.colcon_core.event_handler.log_command:Invoked command in '/home/mattthewhumble/rova26/ros2_ws/src/rova26_kinect' returned '0': PYTHONPATH=/home/mattthewhumble/rova26/ros2_ws/build/rova26_kinect/prefix_override:/usr/lib/python3/dist-packages/colcon_core/task/python/colcon_distutils_commands:/home/mattthewhumble/rova26/ros2_ws/install/rova26_kinect/lib/python3.10/site-packages:${PYTHONPATH} /usr/bin/python3 -W ignore:setup.py install is deprecated -W ignore:easy_install command is deprecated setup.py egg_info --egg-base ../../build/rova26_kinect build --build-base /home/mattthewhumble/rova26/ros2_ws/build/rova26_kinect/build install --record /home/mattthewhumble/rova26/ros2_ws/build/rova26_kinect/install.log --single-version-externally-managed install_data
[0.854s] Level 1:colcon.colcon_core.environment:checking '/home/mattthewhumble/rova26/ros2_ws/install/rova26_kinect' for CMake module files
[0.854s] Level 1:colcon.colcon_core.environment:checking '/home/mattthewhumble/rova26/ros2_ws/install/rova26_kinect' for CMake config files
[0.855s] Level 1:colcon.colcon_core.environment:checking '/home/mattthewhumble/rova26/ros2_ws/install/rova26_kinect/lib'
[0.855s] Level 1:colcon.colcon_core.environment:checking '/home/mattthewhumble/rova26/ros2_ws/install/rova26_kinect/bin'
[0.855s] Level 1:colcon.colcon_core.shell:create_environment_hook('rova26_kinect', 'path')
[0.855s] INFO:colcon.colcon_core.shell:Creating environment hook '/home/mattthewhumble/rova26/ros2_ws/install/rova26_kinect/share/rova26_kinect/hook/path.ps1'
[0.855s] INFO:colcon.colcon_core.shell:Creating environment descriptor '/home/mattthewhumble/rova26/ros2_ws/install/rova26_kinect/share/rova26_kinect/hook/path.dsv'
[0.856s] INFO:colcon.colcon_core.shell:Creating environment hook '/home/mattthewhumble/rova26/ros2_ws/install/rova26_kinect/share/rova26_kinect/hook/path.sh'
[0.857s] Level 1:colcon.colcon_core.environment:checking '/home/mattthewhumble/rova26/ros2_ws/install/rova26_kinect/lib/pkgconfig/rova26_kinect.pc'
[0.857s] Level 1:colcon.colcon_core.environment:checking '/home/mattthewhumble/rova26/ros2_ws/install/rova26_kinect/lib/python3.10/site-packages'
[0.858s] Level 1:colcon.colcon_core.shell:create_environment_hook('rova26_kinect', 'pythonpath')
[0.858s] INFO:colcon.colcon_core.shell:Creating environment hook '/home/mattthewhumble/rova26/ros2_ws/install/rova26_kinect/share/rova26_kinect/hook/pythonpath.ps1'
[0.858s] INFO:colcon.colcon_core.shell:Creating environment descriptor '/home/mattthewhumble/rova26/ros2_ws/install/rova26_kinect/share/rova26_kinect/hook/pythonpath.dsv'
[0.859s] INFO:colcon.colcon_core.shell:Creating environment hook '/home/mattthewhumble/rova26/ros2_ws/install/rova26_kinect/share/rova26_kinect/hook/pythonpath.sh'
[0.860s] Level 1:colcon.colcon_core.environment:checking '/home/mattthewhumble/rova26/ros2_ws/install/rova26_kinect/bin'
[0.860s] Level 1:colcon.colcon_core.shell:create_environment_hook('rova26_kinect', 'pythonscriptspath')
[0.860s] INFO:colcon.colcon_core.shell:Creating environment hook '/home/mattthewhumble/rova26/ros2_ws/install/rova26_kinect/share/rova26_kinect/hook/pythonscriptspath.ps1'
[0.861s] INFO:colcon.colcon_core.shell:Creating environment descriptor '/home/mattthewhumble/rova26/ros2_ws/install/rova26_kinect/share/rova26_kinect/hook/pythonscriptspath.dsv'
[0.861s] INFO:colcon.colcon_core.shell:Creating environment hook '/home/mattthewhumble/rova26/ros2_ws/install/rova26_kinect/share/rova26_kinect/hook/pythonscriptspath.sh'
[0.862s] Level 1:colcon.colcon_core.environment:create_environment_scripts_only(rova26_kinect)
[0.862s] INFO:colcon.colcon_core.shell:Creating package script '/home/mattthewhumble/rova26/ros2_ws/install/rova26_kinect/share/rova26_kinect/package.ps1'
[0.863s] INFO:colcon.colcon_core.shell:Creating package descriptor '/home/mattthewhumble/rova26/ros2_ws/install/rova26_kinect/share/rova26_kinect/package.dsv'
[0.864s] INFO:colcon.colcon_core.shell:Creating package script '/home/mattthewhumble/rova26/ros2_ws/install/rova26_kinect/share/rova26_kinect/package.sh'
[0.865s] INFO:colcon.colcon_core.shell:Creating package script '/home/mattthewhumble/rova26/ros2_ws/install/rova26_kinect/share/rova26_kinect/package.bash'
[0.866s] INFO:colcon.colcon_core.shell:Creating package script '/home/mattthewhumble/rova26/ros2_ws/install/rova26_kinect/share/rova26_kinect/package.zsh'
[0.866s] Level 1:colcon.colcon_core.environment:create_file_with_runtime_dependencies(/home/mattthewhumble/rova26/ros2_ws/install/rova26_kinect/share/colcon-core/packages/rova26_kinect)
[0.867s] DEBUG:colcon.colcon_parallel_executor.executor.parallel:closing loop
[0.868s] DEBUG:colcon.colcon_parallel_executor.executor.parallel:loop closed
[0.868s] DEBUG:colcon.colcon_parallel_executor.executor.parallel:run_until_complete finished with '0'
[0.868s] DEBUG:colcon.colcon_core.event_reactor:joining thread
[0.872s] INFO:colcon.colcon_core.plugin_system:Skipping extension 'colcon_notification.desktop_notification.terminal_notifier': Not used on non-Darwin systems
[0.872s] INFO:colcon.colcon_core.plugin_system:Skipping extension 'colcon_notification.desktop_notification.win32': Not used on non-Windows systems
[0.872s] INFO:colcon.colcon_notification.desktop_notification:Sending desktop notification using 'notify2'
[0.888s] DEBUG:colcon.colcon_core.event_reactor:joined thread
[0.889s] INFO:colcon.colcon_core.shell:Creating prefix script '/home/mattthewhumble/rova26/ros2_ws/install/local_setup.ps1'
[0.890s] INFO:colcon.colcon_core.shell:Creating prefix util module '/home/mattthewhumble/rova26/ros2_ws/install/_local_setup_util_ps1.py'
[0.892s] INFO:colcon.colcon_core.shell:Creating prefix chain script '/home/mattthewhumble/rova26/ros2_ws/install/setup.ps1'
[0.895s] INFO:colcon.colcon_core.shell:Creating prefix script '/home/mattthewhumble/rova26/ros2_ws/install/local_setup.sh'
[0.896s] INFO:colcon.colcon_core.shell:Creating prefix util module '/home/mattthewhumble/rova26/ros2_ws/install/_local_setup_util_sh.py'
[0.898s] INFO:colcon.colcon_core.shell:Creating prefix chain script '/home/mattthewhumble/rova26/ros2_ws/install/setup.sh'
[0.899s] INFO:colcon.colcon_core.shell:Creating prefix script '/home/mattthewhumble/rova26/ros2_ws/install/local_setup.bash'
[0.901s] INFO:colcon.colcon_core.shell:Creating prefix chain script '/home/mattthewhumble/rova26/ros2_ws/install/setup.bash'
[0.903s] INFO:colcon.colcon_core.shell:Creating prefix script '/home/mattthewhumble/rova26/ros2_ws/install/local_setup.zsh'
[0.904s] INFO:colcon.colcon_core.shell:Creating prefix chain script '/home/mattthewhumble/rova26/ros2_ws/install/setup.zsh'
