[0.429s] Invoking command in '/home/mattthewhumble/rova26/ros2_ws/src/rova26_kinect': PYTHONPATH=/home/mattthewhumble/rova26/ros2_ws/build/rova26_kinect/prefix_override:/usr/lib/python3/dist-packages/colcon_core/task/python/colcon_distutils_commands:/home/mattthewhumble/rova26/ros2_ws/install/rova26_kinect/lib/python3.10/site-packages:${PYTHONPATH} /usr/bin/python3 -W ignore:setup.py install is deprecated -W ignore:easy_install command is deprecated setup.py egg_info --egg-base ../../build/rova26_kinect build --build-base /home/mattthewhumble/rova26/ros2_ws/build/rova26_kinect/build install --record /home/mattthewhumble/rova26/ros2_ws/build/rova26_kinect/install.log --single-version-externally-managed
[0.607s] running egg_info
[0.608s] writing ../../build/rova26_kinect/rova26_kinect.egg-info/PKG-INFO
[0.608s] writing dependency_links to ../../build/rova26_kinect/rova26_kinect.egg-info/dependency_links.txt
[0.608s] writing entry points to ../../build/rova26_kinect/rova26_kinect.egg-info/entry_points.txt
[0.608s] writing requirements to ../../build/rova26_kinect/rova26_kinect.egg-info/requires.txt
[0.609s] writing top-level names to ../../build/rova26_kinect/rova26_kinect.egg-info/top_level.txt
[0.611s] reading manifest file '../../build/rova26_kinect/rova26_kinect.egg-info/SOURCES.txt'
[0.611s] writing manifest file '../../build/rova26_kinect/rova26_kinect.egg-info/SOURCES.txt'
[0.612s] running build
[0.612s] running build_py
[0.612s] running install
[0.613s] running install_lib
[0.614s] running install_egg_info
[0.620s] removing '/home/mattthewhumble/rova26/ros2_ws/install/rova26_kinect/lib/python3.10/site-packages/rova26_kinect-0.1.0-py3.10.egg-info' (and everything under it)
[0.620s] Copying ../../build/rova26_kinect/rova26_kinect.egg-info to /home/mattthewhumble/rova26/ros2_ws/install/rova26_kinect/lib/python3.10/site-packages/rova26_kinect-0.1.0-py3.10.egg-info
[0.620s] running install_scripts
[0.634s] Installing rova26_kinect_publisher script to /home/mattthewhumble/rova26/ros2_ws/install/rova26_kinect/bin
[0.634s] Installing rova26_map_subscriber script to /home/mattthewhumble/rova26/ros2_ws/install/rova26_kinect/bin
[0.635s] writing list of installed files to '/home/mattthewhumble/rova26/ros2_ws/build/rova26_kinect/install.log'
[0.655s] Invoked command in '/home/mattthewhumble/rova26/ros2_ws/src/rova26_kinect' returned '0': PYTHONPATH=/home/mattthewhumble/rova26/ros2_ws/build/rova26_kinect/prefix_override:/usr/lib/python3/dist-packages/colcon_core/task/python/colcon_distutils_commands:/home/mattthewhumble/rova26/ros2_ws/install/rova26_kinect/lib/python3.10/site-packages:${PYTHONPATH} /usr/bin/python3 -W ignore:setup.py install is deprecated -W ignore:easy_install command is deprecated setup.py egg_info --egg-base ../../build/rova26_kinect build --build-base /home/mattthewhumble/rova26/ros2_ws/build/rova26_kinect/build install --record /home/mattthewhumble/rova26/ros2_ws/build/rova26_kinect/install.log --single-version-externally-managed
