running egg_info
creating ../../build/rova26/rova26.egg-info
writing ../../build/rova26/rova26.egg-info/PKG-INFO
writing dependency_links to ../../build/rova26/rova26.egg-info/dependency_links.txt
writing entry points to ../../build/rova26/rova26.egg-info/entry_points.txt
writing requirements to ../../build/rova26/rova26.egg-info/requires.txt
writing top-level names to ../../build/rova26/rova26.egg-info/top_level.txt
writing manifest file '../../build/rova26/rova26.egg-info/SOURCES.txt'
reading manifest file '../../build/rova26/rova26.egg-info/SOURCES.txt'
writing manifest file '../../build/rova26/rova26.egg-info/SOURCES.txt'
running build
running build_py
creating /home/mattthewhumble/rova26/build/rova26/build
creating /home/mattthewhumble/rova26/build/rova26/build/lib
creating /home/mattthewhumble/rova26/build/rova26/build/lib/rova26
copying rova26/map_received_node.py -> /home/mattthewhumble/rova26/build/rova26/build/lib/rova26
copying rova26/__init__.py -> /home/mattthewhumble/rova26/build/rova26/build/lib/rova26
running install
running install_lib
creating /home/mattthewhumble/rova26/install/rova26/lib/python3.10/site-packages/rova26
copying /home/mattthewhumble/rova26/build/rova26/build/lib/rova26/map_received_node.py -> /home/mattthewhumble/rova26/install/rova26/lib/python3.10/site-packages/rova26
copying /home/mattthewhumble/rova26/build/rova26/build/lib/rova26/__init__.py -> /home/mattthewhumble/rova26/install/rova26/lib/python3.10/site-packages/rova26
byte-compiling /home/mattthewhumble/rova26/install/rova26/lib/python3.10/site-packages/rova26/map_received_node.py to map_received_node.cpython-310.pyc
byte-compiling /home/mattthewhumble/rova26/install/rova26/lib/python3.10/site-packages/rova26/__init__.py to __init__.cpython-310.pyc
running install_data
creating /home/mattthewhumble/rova26/install/rova26/share/ament_index
creating /home/mattthewhumble/rova26/install/rova26/share/ament_index/resource_index
creating /home/mattthewhumble/rova26/install/rova26/share/ament_index/resource_index/packages
copying resource/rova26 -> /home/mattthewhumble/rova26/install/rova26/share/ament_index/resource_index/packages
copying package.xml -> /home/mattthewhumble/rova26/install/rova26/share/rova26
running install_egg_info
Copying ../../build/rova26/rova26.egg-info to /home/mattthewhumble/rova26/install/rova26/lib/python3.10/site-packages/rova26-0.0.0-py3.10.egg-info
running install_scripts
Installing map_received_node script to /home/mattthewhumble/rova26/install/rova26/lib/rova26
writing list of installed files to '/home/mattthewhumble/rova26/build/rova26/install.log'
