[0.476s] Invoking command in '/home/mattthewhumble/rova26/src/rova26': PYTHONPATH=/home/mattthewhumble/rova26/build/rova26/prefix_override:/usr/lib/python3/dist-packages/colcon_core/task/python/colcon_distutils_commands:/home/mattthewhumble/rova26/install/rova26/lib/python3.10/site-packages:${PYTHONPATH} /usr/bin/python3 -W ignore:setup.py install is deprecated -W ignore:easy_install command is deprecated setup.py egg_info --egg-base ../../build/rova26 build --build-base /home/mattthewhumble/rova26/build/rova26/build install --record /home/mattthewhumble/rova26/build/rova26/install.log --single-version-externally-managed install_data
[0.666s] running egg_info
[0.666s] creating ../../build/rova26/rova26.egg-info
[0.666s] writing ../../build/rova26/rova26.egg-info/PKG-INFO
[0.666s] writing dependency_links to ../../build/rova26/rova26.egg-info/dependency_links.txt
[0.666s] writing entry points to ../../build/rova26/rova26.egg-info/entry_points.txt
[0.666s] writing requirements to ../../build/rova26/rova26.egg-info/requires.txt
[0.666s] writing top-level names to ../../build/rova26/rova26.egg-info/top_level.txt
[0.666s] writing manifest file '../../build/rova26/rova26.egg-info/SOURCES.txt'
[0.668s] reading manifest file '../../build/rova26/rova26.egg-info/SOURCES.txt'
[0.668s] writing manifest file '../../build/rova26/rova26.egg-info/SOURCES.txt'
[0.668s] running build
[0.668s] running build_py
[0.668s] creating /home/mattthewhumble/rova26/build/rova26/build
[0.668s] creating /home/mattthewhumble/rova26/build/rova26/build/lib
[0.668s] creating /home/mattthewhumble/rova26/build/rova26/build/lib/rova26
[0.668s] copying rova26/map_received_node.py -> /home/mattthewhumble/rova26/build/rova26/build/lib/rova26
[0.668s] copying rova26/__init__.py -> /home/mattthewhumble/rova26/build/rova26/build/lib/rova26
[0.669s] running install
[0.669s] running install_lib
[0.669s] creating /home/mattthewhumble/rova26/install/rova26/lib/python3.10/site-packages/rova26
[0.669s] copying /home/mattthewhumble/rova26/build/rova26/build/lib/rova26/map_received_node.py -> /home/mattthewhumble/rova26/install/rova26/lib/python3.10/site-packages/rova26
[0.670s] copying /home/mattthewhumble/rova26/build/rova26/build/lib/rova26/__init__.py -> /home/mattthewhumble/rova26/install/rova26/lib/python3.10/site-packages/rova26
[0.670s] byte-compiling /home/mattthewhumble/rova26/install/rova26/lib/python3.10/site-packages/rova26/map_received_node.py to map_received_node.cpython-310.pyc
[0.671s] byte-compiling /home/mattthewhumble/rova26/install/rova26/lib/python3.10/site-packages/rova26/__init__.py to __init__.cpython-310.pyc
[0.671s] running install_data
[0.671s] creating /home/mattthewhumble/rova26/install/rova26/share/ament_index
[0.671s] creating /home/mattthewhumble/rova26/install/rova26/share/ament_index/resource_index
[0.671s] creating /home/mattthewhumble/rova26/install/rova26/share/ament_index/resource_index/packages
[0.671s] copying resource/rova26 -> /home/mattthewhumble/rova26/install/rova26/share/ament_index/resource_index/packages
[0.671s] copying package.xml -> /home/mattthewhumble/rova26/install/rova26/share/rova26
[0.672s] running install_egg_info
[0.673s] Copying ../../build/rova26/rova26.egg-info to /home/mattthewhumble/rova26/install/rova26/lib/python3.10/site-packages/rova26-0.0.0-py3.10.egg-info
[0.674s] running install_scripts
[0.692s] Installing map_received_node script to /home/mattthewhumble/rova26/install/rova26/lib/rova26
[0.692s] writing list of installed files to '/home/mattthewhumble/rova26/build/rova26/install.log'
[0.722s] Invoked command in '/home/mattthewhumble/rova26/src/rova26' returned '0': PYTHONPATH=/home/mattthewhumble/rova26/build/rova26/prefix_override:/usr/lib/python3/dist-packages/colcon_core/task/python/colcon_distutils_commands:/home/mattthewhumble/rova26/install/rova26/lib/python3.10/site-packages:${PYTHONPATH} /usr/bin/python3 -W ignore:setup.py install is deprecated -W ignore:easy_install command is deprecated setup.py egg_info --egg-base ../../build/rova26 build --build-base /home/mattthewhumble/rova26/build/rova26/build install --record /home/mattthewhumble/rova26/build/rova26/install.log --single-version-externally-managed install_data
